https://tabelog.com/tokyo/C13101/rstLst/ramen/
https://tabelog.com/tokyo/C13102/rstLst/ramen/
https://tabelog.com/tokyo/C13103/rstLst/ramen/
https://tabelog.com/tokyo/C13104/rstLst/ramen/
https://tabelog.com/tokyo/C13105/rstLst/ramen/
https://tabelog.com/tokyo/C13106/rstLst/ramen/
https://tabelog.com/tokyo/C13107/rstLst/ramen/
https://tabelog.com/tokyo/C13108/rstLst/ramen/
https://tabelog.com/tokyo/C13109/rstLst/ramen/
https://tabelog.com/tokyo/C13110/rstLst/ramen/
https://tabelog.com/tokyo/C13111/rstLst/ramen/
https://tabelog.com/tokyo/C13112/rstLst/ramen/
https://tabelog.com/tokyo/C13113/rstLst/ramen/
https://tabelog.com/tokyo/C13114/rstLst/ramen/
https://tabelog.com/tokyo/C13115/rstLst/ramen/
https://tabelog.com/tokyo/C13116/rstLst/ramen/
https://tabelog.com/tokyo/C13117/rstLst/ramen/
https://tabelog.com/tokyo/C13118/rstLst/ramen/
https://tabelog.com/tokyo/C13119/rstLst/ramen/
https://tabelog.com/tokyo/C13120/rstLst/ramen/
https://tabelog.com/tokyo/C13121/rstLst/ramen/
https://tabelog.com/tokyo/C13122/rstLst/ramen/
https://tabelog.com/tokyo/C13123/rstLst/ramen/
https://tabelog.com/tokyo/C13201/rstLst/ramen/
https://tabelog.com/tokyo/C13202/rstLst/ramen/
https://tabelog.com/tokyo/C13203/rstLst/ramen/
https://tabelog.com/tokyo/C13204/rstLst/ramen/
https://tabelog.com/tokyo/C13205/rstLst/ramen/
https://tabelog.com/tokyo/C13206/rstLst/ramen/
https://tabelog.com/tokyo/C13207/rstLst/ramen/
https://tabelog.com/tokyo/C13208/rstLst/ramen/
https://tabelog.com/tokyo/C13209/rstLst/ramen/
https://tabelog.com/tokyo/C13210/rstLst/ramen/
https://tabelog.com/tokyo/C13211/rstLst/ramen/
https://tabelog.com/tokyo/C13212/rstLst/ramen/
https://tabelog.com/tokyo/C13213/rstLst/ramen/
https://tabelog.com/tokyo/C13214/rstLst/ramen/
https://tabelog.com/tokyo/C13215/rstLst/ramen/
https://tabelog.com/tokyo/C13218/rstLst/ramen/
https://tabelog.com/tokyo/C13219/rstLst/ramen/
https://tabelog.com/tokyo/C13220/rstLst/ramen/
https://tabelog.com/tokyo/C13221/rstLst/ramen/
https://tabelog.com/tokyo/C13222/rstLst/ramen/
https://tabelog.com/tokyo/C13223/rstLst/ramen/
https://tabelog.com/tokyo/C13224/rstLst/ramen/
https://tabelog.com/tokyo/C13225/rstLst/ramen/
https://tabelog.com/tokyo/C13227/rstLst/ramen/
https://tabelog.com/tokyo/C13228/rstLst/ramen/
https://tabelog.com/tokyo/C13229/rstLst/ramen/
https://tabelog.com/tokyo/C13303/rstLst/ramen/
https://tabelog.com/tokyo/C13305/rstLst/ramen/
https://tabelog.com/tokyo/C13307/rstLst/ramen/
https://tabelog.com/tokyo/C13308/rstLst/ramen/
https://tabelog.com/tokyo/C13101/rstLst/cafe/
https://tabelog.com/tokyo/C13102/rstLst/cafe/
https://tabelog.com/tokyo/C13103/rstLst/cafe/
https://tabelog.com/tokyo/C13104/rstLst/cafe/
https://tabelog.com/tokyo/C13105/rstLst/cafe/
https://tabelog.com/tokyo/C13106/rstLst/cafe/
https://tabelog.com/tokyo/C13107/rstLst/cafe/
https://tabelog.com/tokyo/C13108/rstLst/cafe/
https://tabelog.com/tokyo/C13109/rstLst/cafe/
https://tabelog.com/tokyo/C13110/rstLst/cafe/
https://tabelog.com/tokyo/C13111/rstLst/cafe/
https://tabelog.com/tokyo/C13112/rstLst/cafe/
https://tabelog.com/tokyo/C13113/rstLst/cafe/
https://tabelog.com/tokyo/C13114/rstLst/cafe/
https://tabelog.com/tokyo/C13115/rstLst/cafe/
https://tabelog.com/tokyo/C13116/rstLst/cafe/
https://tabelog.com/tokyo/C13117/rstLst/cafe/
https://tabelog.com/tokyo/C13118/rstLst/cafe/
https://tabelog.com/tokyo/C13119/rstLst/cafe/
https://tabelog.com/tokyo/C13120/rstLst/cafe/
https://tabelog.com/tokyo/C13121/rstLst/cafe/
https://tabelog.com/tokyo/C13122/rstLst/cafe/
https://tabelog.com/tokyo/C13123/rstLst/cafe/
https://tabelog.com/tokyo/C13201/rstLst/cafe/
https://tabelog.com/tokyo/C13202/rstLst/cafe/
https://tabelog.com/tokyo/C13203/rstLst/cafe/
https://tabelog.com/tokyo/C13204/rstLst/cafe/
https://tabelog.com/tokyo/C13205/rstLst/cafe/
https://tabelog.com/tokyo/C13206/rstLst/cafe/
https://tabelog.com/tokyo/C13207/rstLst/cafe/
https://tabelog.com/tokyo/C13208/rstLst/cafe/
https://tabelog.com/tokyo/C13209/rstLst/cafe/
https://tabelog.com/tokyo/C13210/rstLst/cafe/
https://tabelog.com/tokyo/C13211/rstLst/cafe/
https://tabelog.com/tokyo/C13212/rstLst/cafe/
https://tabelog.com/tokyo/C13213/rstLst/cafe/
https://tabelog.com/tokyo/C13214/rstLst/cafe/
https://tabelog.com/tokyo/C13215/rstLst/cafe/
https://tabelog.com/tokyo/C13218/rstLst/cafe/
https://tabelog.com/tokyo/C13219/rstLst/cafe/
https://tabelog.com/tokyo/C13220/rstLst/cafe/
https://tabelog.com/tokyo/C13221/rstLst/cafe/
https://tabelog.com/tokyo/C13222/rstLst/cafe/
https://tabelog.com/tokyo/C13223/rstLst/cafe/
https://tabelog.com/tokyo/C13224/rstLst/cafe/
https://tabelog.com/tokyo/C13225/rstLst/cafe/
https://tabelog.com/tokyo/C13227/rstLst/cafe/
https://tabelog.com/tokyo/C13228/rstLst/cafe/
https://tabelog.com/tokyo/C13229/rstLst/cafe/
https://tabelog.com/tokyo/C13303/rstLst/cafe/
https://tabelog.com/tokyo/C13305/rstLst/cafe/
https://tabelog.com/tokyo/C13307/rstLst/cafe/
https://tabelog.com/tokyo/C13308/rstLst/cafe/
https://tabelog.com/tokyo/C13101/rstLst/izakaya/
https://tabelog.com/tokyo/C13102/rstLst/izakaya/
https://tabelog.com/tokyo/C13103/rstLst/izakaya/
https://tabelog.com/tokyo/C13104/rstLst/izakaya/
https://tabelog.com/tokyo/C13105/rstLst/izakaya/
https://tabelog.com/tokyo/C13106/rstLst/izakaya/
https://tabelog.com/tokyo/C13107/rstLst/izakaya/
https://tabelog.com/tokyo/C13108/rstLst/izakaya/
https://tabelog.com/tokyo/C13109/rstLst/izakaya/
https://tabelog.com/tokyo/C13110/rstLst/izakaya/
https://tabelog.com/tokyo/C13111/rstLst/izakaya/
https://tabelog.com/tokyo/C13112/rstLst/izakaya/
https://tabelog.com/tokyo/C13113/rstLst/izakaya/
https://tabelog.com/tokyo/C13114/rstLst/izakaya/
https://tabelog.com/tokyo/C13115/rstLst/izakaya/
https://tabelog.com/tokyo/C13116/rstLst/izakaya/
https://tabelog.com/tokyo/C13117/rstLst/izakaya/
https://tabelog.com/tokyo/C13118/rstLst/izakaya/
https://tabelog.com/tokyo/C13119/rstLst/izakaya/
Traceback (most recent call last):
  File "/Users/onohara/opt/anaconda3/lib/python3.9/site-packages/urllib3/connectionpool.py", line 699, in urlopen
    httplib_response = self._make_request(
  File "/Users/onohara/opt/anaconda3/lib/python3.9/site-packages/urllib3/connectionpool.py", line 445, in _make_request
    six.raise_from(e, None)
  File "<string>", line 3, in raise_from
  File "/Users/onohara/opt/anaconda3/lib/python3.9/site-packages/urllib3/connectionpool.py", line 440, in _make_request
    httplib_response = conn.getresponse()
  File "/Users/onohara/opt/anaconda3/lib/python3.9/http/client.py", line 1371, in getresponse
    response.begin()
  File "/Users/onohara/opt/anaconda3/lib/python3.9/http/client.py", line 319, in begin
    version, status, reason = self._read_status()
  File "/Users/onohara/opt/anaconda3/lib/python3.9/http/client.py", line 280, in _read_status
    line = str(self.fp.readline(_MAXLINE + 1), "iso-8859-1")
  File "/Users/onohara/opt/anaconda3/lib/python3.9/socket.py", line 704, in readinto
    return self._sock.recv_into(b)
  File "/Users/onohara/opt/anaconda3/lib/python3.9/ssl.py", line 1241, in recv_into
    return self.read(nbytes, buffer)
  File "/Users/onohara/opt/anaconda3/lib/python3.9/ssl.py", line 1099, in read
    return self._sslobj.read(len, buffer)
ConnectionResetError: [Errno 54] Connection reset by peer

During handling of the above exception, another exception occurred:

Traceback (most recent call last):
  File "/Users/onohara/opt/anaconda3/lib/python3.9/site-packages/requests/adapters.py", line 439, in send
    resp = conn.urlopen(
  File "/Users/onohara/opt/anaconda3/lib/python3.9/site-packages/urllib3/connectionpool.py", line 755, in urlopen
    retries = retries.increment(
  File "/Users/onohara/opt/anaconda3/lib/python3.9/site-packages/urllib3/util/retry.py", line 532, in increment
    raise six.reraise(type(error), error, _stacktrace)
  File "/Users/onohara/opt/anaconda3/lib/python3.9/site-packages/urllib3/packages/six.py", line 769, in reraise
    raise value.with_traceback(tb)
  File "/Users/onohara/opt/anaconda3/lib/python3.9/site-packages/urllib3/connectionpool.py", line 699, in urlopen
    httplib_response = self._make_request(
  File "/Users/onohara/opt/anaconda3/lib/python3.9/site-packages/urllib3/connectionpool.py", line 445, in _make_request
    six.raise_from(e, None)
  File "<string>", line 3, in raise_from
  File "/Users/onohara/opt/anaconda3/lib/python3.9/site-packages/urllib3/connectionpool.py", line 440, in _make_request
    httplib_response = conn.getresponse()
  File "/Users/onohara/opt/anaconda3/lib/python3.9/http/client.py", line 1371, in getresponse
    response.begin()
  File "/Users/onohara/opt/anaconda3/lib/python3.9/http/client.py", line 319, in begin
    version, status, reason = self._read_status()
  File "/Users/onohara/opt/anaconda3/lib/python3.9/http/client.py", line 280, in _read_status
    line = str(self.fp.readline(_MAXLINE + 1), "iso-8859-1")
  File "/Users/onohara/opt/anaconda3/lib/python3.9/socket.py", line 704, in readinto
    return self._sock.recv_into(b)
  File "/Users/onohara/opt/anaconda3/lib/python3.9/ssl.py", line 1241, in recv_into
    return self.read(nbytes, buffer)
  File "/Users/onohara/opt/anaconda3/lib/python3.9/ssl.py", line 1099, in read
    return self._sslobj.read(len, buffer)
urllib3.exceptions.ProtocolError: ('Connection aborted.', ConnectionResetError(54, 'Connection reset by peer'))

During handling of the above exception, another exception occurred:

Traceback (most recent call last):
  File "/Users/onohara/Desktop/3A/Capstone-project-B-Creators/onohara/scraping.py", line 142, in <module>
    tokyo_izakaya = Tabelog(base_url="https://tabelog.com/tokyo/" + code + "/rstLst/izakaya/",food_type=['居酒屋'])
  File "/Users/onohara/Desktop/3A/Capstone-project-B-Creators/onohara/scraping.py", line 23, in __init__
    if self.scrape_list(list_url, food_type=food_type) != True:
  File "/Users/onohara/Desktop/3A/Capstone-project-B-Creators/onohara/scraping.py", line 45, in scrape_list
    self.scrape_item(item_url,food_type)
  File "/Users/onohara/Desktop/3A/Capstone-project-B-Creators/onohara/scraping.py", line 60, in scrape_item
    r = requests.get(item_url)
  File "/Users/onohara/opt/anaconda3/lib/python3.9/site-packages/requests/api.py", line 75, in get
    return request('get', url, params=params, **kwargs)
  File "/Users/onohara/opt/anaconda3/lib/python3.9/site-packages/requests/api.py", line 61, in request
    return session.request(method=method, url=url, **kwargs)
  File "/Users/onohara/opt/anaconda3/lib/python3.9/site-packages/requests/sessions.py", line 542, in request
    resp = self.send(prep, **send_kwargs)
  File "/Users/onohara/opt/anaconda3/lib/python3.9/site-packages/requests/sessions.py", line 655, in send
    r = adapter.send(request, **kwargs)
  File "/Users/onohara/opt/anaconda3/lib/python3.9/site-packages/requests/adapters.py", line 498, in send
    raise ConnectionError(err, request=request)
requests.exceptions.ConnectionError: ('Connection aborted.', ConnectionResetError(54, 'Connection reset by peer'))
